MongoDB Connected Successfully
Exam Platform API Server running on port 5000 in development mode
[0mPOST /api/auth/login [32m200[0m 270.506 ms - 1872[0m
[0mPOST /api/auth/login [32m200[0m 390.534 ms - 1872[0m
[0mPOST /api/auth/login [33m401[0m 4.380 ms - 55[0m
[0mPOST /api/auth/login [33m401[0m 4.193 ms - 55[0m
[0mPOST /api/auth/login [33m401[0m 3.511 ms - 55[0m
[0mPOST /api/auth/login [32m200[0m 132.314 ms - 1872[0m
[0mPOST /api/colleges [32m201[0m 168.191 ms - 579[0m
[0mPOST /api/auth/login [32m200[0m 217.611 ms - 1252[0m
[0mPOST /api/auth/login [32m200[0m 621.154 ms - 1181[0m
[0mGET /api/auth/me [32m200[0m 25.405 ms - 900[0m
[0mGET /api/recruiter/overview [32m200[0m 26.619 ms - 127[0m
[0mGET /api/recruiter/overview [36m304[0m 33.398 ms - -[0m
[0mGET /api/recruiter/drives [32m200[0m 19.246 ms - 28[0m
[0mGET /api/recruiter/drives [36m304[0m 20.692 ms - -[0m
[0mGET /api/recruiter/candidates [32m200[0m 24.839 ms - 32[0m
[0mGET /api/recruiter/drives [36m304[0m 15.250 ms - -[0m
[0mGET /api/recruiter/reports [32m200[0m 29.315 ms - 101[0m
[0mGET /api/recruiter/candidates [36m304[0m 23.078 ms - -[0m
[0mGET /api/recruiter/drives [36m304[0m 21.074 ms - -[0m
[0mGET /api/recruiter/overview [36m304[0m 19.804 ms - -[0m
[0mGET /api/recruiter/overview [36m304[0m 26.498 ms - -[0m
[0mGET /api/recruiter/drives [36m304[0m 54.209 ms - -[0m
[0mGET /api/recruiter/drives [36m304[0m 20.071 ms - -[0m
[0mPOST /api/auth/login [32m200[0m 139.902 ms - 2266[0m
[0mGET /api/auth/me [32m200[0m 30.399 ms - 1990[0m
[0mGET /api/admin/users [32m200[0m 37.140 ms - 4958[0m
[0mGET /api/admin/users [36m304[0m 44.580 ms - -[0m
[0mGET /api/admin/analytics [36m304[0m 63.661 ms - -[0m
[0mGET /api/admin/analytics [36m304[0m 22.129 ms - -[0m
[0mGET /api/colleges [32m200[0m 29.895 ms - 1340[0m
[0mGET /api/colleges [36m304[0m 51.119 ms - -[0m
[0mGET /api/colleges [36m304[0m 59.372 ms - -[0m
[0mPOST /api/auth/login [33m401[0m 7.951 ms - 55[0m
[0mPOST /api/auth/login [33m401[0m 1.969 ms - 55[0m
[0mPOST /api/auth/login [32m200[0m 268.855 ms - 2266[0m
[0mPOST /api/auth/login [32m200[0m 262.676 ms - 2266[0m
[0mGET /api/admin/college-admins [32m200[0m 16.256 ms - 417[0m
[0mPOST /api/auth/login [32m200[0m 464.775 ms - 999[0m
[0mGET /api/auth/me [32m200[0m 10.695 ms - 713[0m
[0mGET /api/groups [36m304[0m 19.059 ms - -[0m
[0mGET /api/admin/users [36m304[0m 28.475 ms - -[0m
[0mGET /api/groups [36m304[0m 33.957 ms - -[0m
[0mGET /api/admin/users [36m304[0m 47.528 ms - -[0m
